<?xml version="1.0" encoding="UTF-8"?>
<config xmlns="http://www.knime.org/2008/09/XMLConfig" xmlns:xsi="http://www.w3.org/2001/XMLSchema-instance" xsi:schemaLocation="http://www.knime.org/2008/09/XMLConfig http://www.knime.org/XMLConfig_2008_09.xsd" key="test">
    <entry key="changePredictionColumnName" type="xboolean" value="true"/>
    <entry key="predictionColumnName" type="xstring" value="Prediction (Cluster Membership)"/>
    <entry key="appendPredictionConfidence" type="xboolean" value="false"/>
    <entry key="appendClassConfidences" type="xboolean" value="true"/>
    <entry key="appendModelCount" type="xboolean" value="false"/>
    <entry key="suffixForClassProbabilities" type="xstring" value="some example string"/>
    <entry key="useSoftVoting" type="xboolean" value="true"/>
</config>
