{
  "data" : {
    "model" : {
      "changePredictionColumnName" : true,
      "predictionColumnName" : "Prediction ()",
      "appendPredictionConfidence" : true,
      "appendClassConfidences" : false,
      "suffixForClassProbabilities" : "",
      "appendModelCount" : false,
      "useSoftVoting" : false
    }
  },
  "schema" : {
    "type" : "object",
    "properties" : {
      "model" : {
        "type" : "object",
        "properties" : {
          "appendClassConfidences" : {
            "type" : "boolean",
            "title" : "Append individual class probabilities",
            "description" : "Appends for each possible class a column containing the probability that the given row is an element of this class.",
            "default" : false
          },
          "appendModelCount" : {
            "type" : "boolean",
            "default" : false
          },
          "appendPredictionConfidence" : {
            "type" : "boolean",
            "title" : "Append overall prediction confidence",
            "description" : "Appends a column that contains information on how certain the model is about its prediction.",
            "default" : true
          },
          "changePredictionColumnName" : {
            "type" : "boolean",
            "title" : "Change prediction column name",
            "description" : "Select to customize the name of the column containing the prediction.",
            "default" : true
          },
          "predictionColumnName" : {
            "type" : "string",
            "title" : "Prediction column name",
            "description" : "Name of the output column containing the prediction.",
            "default" : "Prediction ()"
          },
          "suffixForClassProbabilities" : {
            "type" : "string",
            "title" : "Suffix for probability columns",
            "description" : "Suffix appended to the column names containing class probabilities.",
            "default" : ""
          },
          "useSoftVoting" : {
            "type" : "boolean",
            "default" : false
          }
        }
      }
    }
  },
  "ui_schema" : {
    "elements" : [ {
      "type" : "Control",
      "scope" : "#/properties/model/properties/changePredictionColumnName",
      "options" : {
        "format" : "checkbox"
      }
    }, {
      "type" : "Control",
      "scope" : "#/properties/model/properties/predictionColumnName",
      "rule" : {
        "effect" : "ENABLE",
        "condition" : {
          "scope" : "#/properties/model/properties/changePredictionColumnName",
          "schema" : {
            "const" : true
          }
        }
      }
    }, {
      "type" : "Control",
      "scope" : "#/properties/model/properties/appendPredictionConfidence",
      "options" : {
        "format" : "checkbox"
      }
    }, {
      "type" : "Control",
      "scope" : "#/properties/model/properties/appendClassConfidences",
      "options" : {
        "format" : "checkbox"
      }
    }, {
      "type" : "Control",
      "scope" : "#/properties/model/properties/suffixForClassProbabilities",
      "rule" : {
        "effect" : "ENABLE",
        "condition" : {
          "scope" : "#/properties/model/properties/appendClassConfidences",
          "schema" : {
            "const" : true
          }
        }
      }
    } ]
  },
  "persist" : {
    "type" : "object",
    "properties" : {
      "model" : {
        "type" : "object",
        "properties" : {
          "changePredictionColumnName" : {
            "configKey" : "changePredictionColumnName"
          },
          "predictionColumnName" : {
            "configKey" : "predictionColumnName"
          },
          "appendPredictionConfidence" : {
            "configKey" : "appendPredictionConfidence"
          },
          "appendClassConfidences" : {
            "configKey" : "appendClassConfidences"
          },
          "suffixForClassProbabilities" : {
            "configKey" : "suffixForClassProbabilities"
          },
          "appendModelCount" : {
            "configKey" : "appendModelCount"
          },
          "useSoftVoting" : {
            "configKey" : "useSoftVoting"
          }
        }
      }
    }
  }
}