{
  "data" : {
    "model" : {
      "changePredictionColumnName" : false,
      "predictionColumnName" : "prediction",
      "appendPredictionConfidence" : true,
      "appendClassConfidences" : false,
      "suffixForClassProbabilities" : "",
      "appendModelCount" : false,
      "useSoftVoting" : false
    }
  },
  "schema" : {
    "type" : "object",
    "properties" : {
      "model" : {
        "type" : "object",
        "properties" : {
          "appendClassConfidences" : {
            "type" : "boolean",
            "default" : false
          },
          "appendModelCount" : {
            "type" : "boolean",
            "default" : false
          },
          "appendPredictionConfidence" : {
            "type" : "boolean",
            "default" : true
          },
          "changePredictionColumnName" : {
            "type" : "boolean",
            "title" : "Change prediction column name",
            "description" : "Select to customize the name of the column containing the prediction.",
            "default" : true
          },
          "predictionColumnName" : {
            "type" : "string",
            "title" : "Prediction column name",
            "description" : "Name of the output column containing the prediction.",
            "default" : "Prediction ()"
          },
          "suffixForClassProbabilities" : {
            "type" : "string",
            "default" : ""
          },
          "useSoftVoting" : {
            "type" : "boolean",
            "default" : false
          }
        }
      }
    }
  },
  "ui_schema" : {
    "elements" : [ {
      "type" : "Control",
      "scope" : "#/properties/model/properties/changePredictionColumnName",
      "options" : {
        "format" : "checkbox"
      }
    }, {
      "type" : "Control",
      "scope" : "#/properties/model/properties/predictionColumnName",
      "rule" : {
        "effect" : "ENABLE",
        "condition" : {
          "scope" : "#/properties/model/properties/changePredictionColumnName",
          "schema" : {
            "const" : true
          }
        }
      }
    } ]
  },
  "persist" : {
    "type" : "object",
    "properties" : {
      "model" : {
        "type" : "object",
        "properties" : {
          "changePredictionColumnName" : {
            "configKey" : "changePredictionColumnName"
          },
          "predictionColumnName" : {
            "configKey" : "predictionColumnName"
          },
          "appendPredictionConfidence" : {
            "configKey" : "appendPredictionConfidence"
          },
          "appendClassConfidences" : {
            "configKey" : "appendClassConfidences"
          },
          "suffixForClassProbabilities" : {
            "configKey" : "suffixForClassProbabilities"
          },
          "appendModelCount" : {
            "configKey" : "appendModelCount"
          },
          "useSoftVoting" : {
            "configKey" : "useSoftVoting"
          }
        }
      }
    }
  }
}